// Jest Snapshot v1, https://goo.gl/fbAQLP

exports[`<Nav /> renders the amount of items in the cart 1`] = `
Array [
  <CSSTransition
    className="count"
    classNames="count"
    in={true}
    key=".$9"
    onExited={[Function]}
    timeout={
      Object {
        "enter": 400,
        "exit": 400,
      }
    }
    unmountOnExit={true}
  >
    <Transition
      appear={false}
      className="count"
      enter={true}
      exit={true}
      in={true}
      mountOnEnter={false}
      onEnter={[Function]}
      onEntered={[Function]}
      onEntering={[Function]}
      onExit={[Function]}
      onExited={[Function]}
      onExiting={[Function]}
      timeout={
        Object {
          "enter": 400,
          "exit": 400,
        }
      }
      unmountOnExit={true}
    >
      <CartCount__Dot
        className="count"
      >
        <div
          className="count CartCount__Dot-sc-9jwa7x-1 eENeUA"
        >
          9
        </div>
      </CartCount__Dot>
    </Transition>
  </CSSTransition>,
  <Transition
    appear={false}
    className="count"
    enter={true}
    exit={true}
    in={true}
    mountOnEnter={false}
    onEnter={[Function]}
    onEntered={[Function]}
    onEntering={[Function]}
    onExit={[Function]}
    onExited={[Function]}
    onExiting={[Function]}
    timeout={
      Object {
        "enter": 400,
        "exit": 400,
      }
    }
    unmountOnExit={true}
  >
    <CartCount__Dot
      className="count"
    >
      <div
        className="count CartCount__Dot-sc-9jwa7x-1 eENeUA"
      >
        9
      </div>
    </CartCount__Dot>
  </Transition>,
  <CartCount__Dot
    className="count"
  >
    <div
      className="count CartCount__Dot-sc-9jwa7x-1 eENeUA"
    >
      9
    </div>
  </CartCount__Dot>,
  <div
    className="count CartCount__Dot-sc-9jwa7x-1 eENeUA"
  >
    9
  </div>,
]
`;
